**********************
Windows PowerShell transcript start
Start time: 20260221204934
Username: YAJUU\vipor
RunAs User: YAJUU\vipor
Configuration Name: 
Machine: YAJUU (Microsoft Windows NT 10.0.19045.0)
Host Application: powershell.exe -NoProfile -ExecutionPolicy Bypass -File C:\Users\vipor\Documents\GitHub\video-encoder\video-convert.ps1
Process ID: 4776
PSVersion: 5.1.19041.6456
PSEdition: Desktop
PSCompatibleVersions: 1.0, 2.0, 3.0, 4.0, 5.0, 5.1.19041.6456
BuildVersion: 10.0.19041.6456
CLRVersion: 4.0.30319.42000
WSManStackVersion: 3.0
PSRemotingProtocolVersion: 2.3
SerializationVersion: 1.1.0.1
**********************

Select action:
  1) Hardware Test (build/update machine hardware profile)
  2) Encode TV Show
  3) Encode Movies
[deps] Downloading: https://github.com/HandBrake/HandBrake/releases/download/1.10.2/HandBrakeCLI-1.10.2-win-x86_64.zip
[deps] Download complete: HandBrakeCLI-1.10.2-win-x86_64.zip (21.6 MB)
[deps] Dependencies are ready under: C:\Users\vipor\Documents\GitHub\video-encoder\tools (components: HandBrake)
PS>TerminatingError(): "Tool(s) not found: C:\Users\vipor\Documents\GitHub\video-encoder\tools\handbrake\HandBrakeCLI.exe. Run with -EnsureDependencies to download tools."
**********************
Windows PowerShell transcript end
End time: 20260221205006
**********************
