**********************
Windows PowerShell transcript start
Start time: 20260221204552
Username: YAJUU\vipor
RunAs User: YAJUU\vipor
Configuration Name: 
Machine: YAJUU (Microsoft Windows NT 10.0.19045.0)
Host Application: powershell.exe -NoProfile -ExecutionPolicy Bypass -File C:\Users\vipor\Documents\GitHub\video-encoder\video-convert.ps1
Process ID: 15484
PSVersion: 5.1.19041.6456
PSEdition: Desktop
PSCompatibleVersions: 1.0, 2.0, 3.0, 4.0, 5.0, 5.1.19041.6456
BuildVersion: 10.0.19041.6456
CLRVersion: 4.0.30319.42000
WSManStackVersion: 3.0
PSRemotingProtocolVersion: 2.3
SerializationVersion: 1.1.0.1
**********************

Select action:
  1) Hardware Test (build/update machine hardware profile)
  2) Encode TV Show
  3) Encode Movies
PS>TerminatingError(Invoke-VideoConvert.ps1): "At C:\Users\vipor\Documents\GitHub\video-encoder\scripts\Ensure-Dependencies.ps1:46 char:1
+ [CmdletBinding()]
+ ~~~~~~~~~~~~~~~~~
Unexpected attribute 'CmdletBinding'.

At C:\Users\vipor\Documents\GitHub\video-encoder\scripts\Ensure-Dependencies.ps1:47 char:1
+ param(
+ ~~~~~
Unexpected token 'param' in expression or statement.

At C:\Users\vipor\Documents\GitHub\video-encoder\scripts\Ensure-Dependencies.ps1:50 char:29
+     [string]$Components = ""
+                             ~
Missing closing ')' in expression.

At C:\Users\vipor\Documents\GitHub\video-encoder\scripts\Ensure-Dependencies.ps1:56 char:1
+ )
+ ~
Unexpected token ')' in expression or statement.

At C:\Users\vipor\Documents\GitHub\video-encoder\scripts\Ensure-Dependencies.ps1:48 char:26
+     [string]$ToolsRoot = "",
+                          ~~
The assignment expression is not valid. The input to an assignment operator must be an object that is able to accept assignments, such as a variable or a property."
**********************
Windows PowerShell transcript end
End time: 20260221204554
**********************
